// Jest Snapshot v1, https://goo.gl/fbAQLP

exports[`RegisterPageContainer matches snapshot 1`] = `
<Provider
  store={
    Object {
      "dispatch": [Function],
      "getState": [Function],
      "replaceReducer": [Function],
      "subscribe": [Function],
      Symbol(observable): [Function],
    }
  }
>
  <Connect(RegisterPage)>
    <RegisterPage
      postRegister={[Function]}
      setRegister={[Function]}
      state={
        Object {
          "valid": Object {
            "email": null,
            "name": null,
            "password": null,
            "phone": null,
            "re_password": null,
            "role": null,
            "studentId": null,
          },
          "value": Object {
            "email": "",
            "name": "",
            "password": "",
            "phone": "",
            "re_password": "",
            "role": "",
            "studentId": "",
          },
        }
      }
    >
      <div
        className="register"
      >
        <form
          className="form-frame"
          onSubmit={[Function]}
        >
          <RegisterRadio
            name="role"
            setRegister={[Function]}
            title="학생"
            value="student"
          >
            <span>
              <label
                htmlFor="student-input"
              >
                학생
              </label>
              <input
                id="student-input"
                name="role"
                onChange={[Function]}
                type="radio"
                value="student"
              />
            </span>
          </RegisterRadio>
          <RegisterRadio
            name="role"
            setRegister={[Function]}
            title="교수"
            value="professor"
          >
            <span>
              <label
                htmlFor="professor-input"
              >
                교수
              </label>
              <input
                id="professor-input"
                name="role"
                onChange={[Function]}
                type="radio"
                value="professor"
              />
            </span>
          </RegisterRadio>
          <RegisterRow
            dispatchName="studentId"
            placeholder="202012345"
            setRegister={[Function]}
            title="학번(직번)"
            type="text"
            valid={null}
          >
            <div
              className="form-group"
            >
              <label
                htmlFor="studentId-input"
              >
                학번(직번)
              </label>
              <input
                className="form-control "
                id="studentId-input"
                onChange={[Function]}
                placeholder="202012345"
                type="text"
              />
              <br />
            </div>
          </RegisterRow>
          <RegisterRow
            dispatchName="password"
            placeholder="**********"
            setRegister={[Function]}
            title="비밀번호"
            type="password"
            valid={null}
          >
            <div
              className="form-group"
            >
              <label
                htmlFor="password-input"
              >
                비밀번호
              </label>
              <input
                className="form-control "
                id="password-input"
                onChange={[Function]}
                placeholder="**********"
                type="password"
              />
              <br />
            </div>
          </RegisterRow>
          <RegisterRow
            dispatchName="re_password"
            placeholder="**********"
            setRegister={[Function]}
            title="비밀번호 확인"
            type="password"
            valid={null}
          >
            <div
              className="form-group"
            >
              <label
                htmlFor="re_password-input"
              >
                비밀번호 확인
              </label>
              <input
                className="form-control "
                id="re_password-input"
                onChange={[Function]}
                placeholder="**********"
                type="password"
              />
              <br />
            </div>
          </RegisterRow>
          <RegisterRow
            dispatchName="name"
            placeholder="홍길동"
            setRegister={[Function]}
            title="이름"
            type="text"
            valid={null}
          >
            <div
              className="form-group"
            >
              <label
                htmlFor="name-input"
              >
                이름
              </label>
              <input
                className="form-control "
                id="name-input"
                onChange={[Function]}
                placeholder="홍길동"
                type="text"
              />
              <br />
            </div>
          </RegisterRow>
          <RegisterRow
            dispatchName="email"
            placeholder="test@example.com"
            setRegister={[Function]}
            title="이메일"
            type="email"
            valid={null}
          >
            <div
              className="form-group"
            >
              <label
                htmlFor="email-input"
              >
                이메일
              </label>
              <input
                className="form-control "
                id="email-input"
                onChange={[Function]}
                placeholder="test@example.com"
                type="email"
              />
              <br />
            </div>
          </RegisterRow>
          <RegisterRow
            dispatchName="phone"
            placeholder="010-1234-5678"
            setRegister={[Function]}
            title="휴대폰 번호"
            type="text"
            valid={null}
          >
            <div
              className="form-group"
            >
              <label
                htmlFor="phone-input"
              >
                휴대폰 번호
              </label>
              <input
                className="form-control "
                id="phone-input"
                onChange={[Function]}
                placeholder="010-1234-5678"
                type="text"
              />
              <br />
            </div>
          </RegisterRow>
          <button
            className="btn btn-primary btn-block"
            disabled={true}
            type="submit"
          >
            회원가입
          </button>
        </form>
      </div>
    </RegisterPage>
  </Connect(RegisterPage)>
</Provider>
`;
